2025-01-29 08:17:06 [main] INFO  c.n.e.EmployeeCvApplication - Starting EmployeeCvApplication using Java 22.0.1 with PID 10284 (C:\Users\MOI\SOPEHAK\web\employee_cv\target\classes started by MOI in C:\Users\MOI\SOPEHAK\web\employee_cv)
2025-01-29 08:17:06 [main] INFO  c.n.e.EmployeeCvApplication - No active profile set, falling back to 1 default profile: "dev"
2025-01-29 08:17:08 [main] INFO  o.s.d.r.c.RepositoryConfigurationDelegate - Bootstrapping Spring Data JPA repositories in DEFAULT mode.
2025-01-29 08:17:08 [main] INFO  o.s.d.r.c.RepositoryConfigurationDelegate - Finished Spring Data repository scanning in 75 ms. Found 32 JPA repository interfaces.
2025-01-29 08:17:09 [main] INFO  o.s.b.w.e.tomcat.TomcatWebServer - Tomcat initialized with port 8080 (http)
2025-01-29 08:17:09 [main] INFO  o.a.coyote.http11.Http11NioProtocol - Initializing ProtocolHandler ["http-nio-8080"]
2025-01-29 08:17:09 [main] INFO  o.a.catalina.core.StandardService - Starting service [Tomcat]
2025-01-29 08:17:09 [main] INFO  o.a.catalina.core.StandardEngine - Starting Servlet engine: [Apache Tomcat/10.1.19]
2025-01-29 08:17:09 [main] INFO  o.a.c.c.C.[Tomcat].[localhost].[/] - Initializing Spring embedded WebApplicationContext
2025-01-29 08:17:09 [main] INFO  o.s.b.w.s.c.ServletWebServerApplicationContext - Root WebApplicationContext: initialization completed in 2376 ms
2025-01-29 08:17:09 [main] INFO  o.h.jpa.internal.util.LogHelper - HHH000204: Processing PersistenceUnitInfo [name: default]
2025-01-29 08:17:09 [main] INFO  org.hibernate.Version - HHH000412: Hibernate ORM core version 6.4.4.Final
2025-01-29 08:17:09 [main] INFO  o.h.c.i.RegionFactoryInitiator - HHH000026: Second-level cache disabled
2025-01-29 08:17:09 [main] INFO  o.s.o.j.p.SpringPersistenceUnitInfo - No LoadTimeWeaver setup: ignoring JPA class transformer
2025-01-29 08:17:09 [main] INFO  com.zaxxer.hikari.HikariDataSource - HikariPool-1 - Starting...
2025-01-29 08:17:09 [main] INFO  com.zaxxer.hikari.pool.HikariPool - HikariPool-1 - Added connection org.postgresql.jdbc.PgConnection@5030997b
2025-01-29 08:17:09 [main] INFO  com.zaxxer.hikari.HikariDataSource - HikariPool-1 - Start completed.
2025-01-29 08:17:10 [main] INFO  o.h.e.t.j.p.i.JtaPlatformInitiator - HHH000489: No JTA platform available (set 'hibernate.transaction.jta.platform' to enable JTA platform integration)
2025-01-29 08:17:10 [main] INFO  o.hibernate.orm.connections.access - HHH10001501: Connection obtained from JdbcConnectionAccess [org.hibernate.engine.jdbc.env.internal.JdbcEnvironmentInitiator$ConnectionProviderJdbcConnectionAccess@7b99e726] for (non-JTA) DDL execution was not in auto-commit mode; the Connection 'local transaction' will be committed and the Connection will be set into auto-commit mode.
2025-01-29 08:17:10 [main] INFO  o.s.o.j.LocalContainerEntityManagerFactoryBean - Initialized JPA EntityManagerFactory for persistence unit 'default'
2025-01-29 08:17:11 [main] INFO  o.s.d.j.r.query.QueryEnhancerFactory - Hibernate is in classpath; If applicable, HQL parser will be used.
2025-01-29 08:17:12 [main] WARN  o.s.b.a.o.j.JpaBaseConfiguration$JpaWebConfiguration - spring.jpa.open-in-view is enabled by default. Therefore, database queries may be performed during view rendering. Explicitly configure spring.jpa.open-in-view to disable this warning
2025-01-29 08:17:12 [main] INFO  o.s.b.a.e.web.EndpointLinksResolver - Exposing 1 endpoint(s) beneath base path '/actuator'
2025-01-29 08:17:12 [main] INFO  o.s.s.web.DefaultSecurityFilterChain - Will secure any request with [org.springframework.security.web.session.DisableEncodeUrlFilter@641ce81c, org.springframework.security.web.context.request.async.WebAsyncManagerIntegrationFilter@619c32f9, org.springframework.security.web.context.SecurityContextHolderFilter@3fb09dfe, org.springframework.security.web.header.HeaderWriterFilter@7c8f7a3d, org.springframework.web.filter.CorsFilter@6d088a74, org.springframework.security.web.authentication.logout.LogoutFilter@628f8380, com.noc.employee_cv.security.JwtFilter@29e66bc1, org.springframework.security.web.savedrequest.RequestCacheAwareFilter@4060c7fe, org.springframework.security.web.servletapi.SecurityContextHolderAwareRequestFilter@7587d787, org.springframework.security.web.authentication.AnonymousAuthenticationFilter@78e35306, org.springframework.security.web.session.SessionManagementFilter@75043bfd, org.springframework.security.web.access.ExceptionTranslationFilter@4df01ae3, org.springframework.security.web.access.intercept.AuthorizationFilter@50194e56]
2025-01-29 08:17:13 [main] INFO  o.a.coyote.http11.Http11NioProtocol - Starting ProtocolHandler ["http-nio-8080"]
2025-01-29 08:17:13 [main] INFO  o.s.b.w.e.tomcat.TomcatWebServer - Tomcat started on port 8080 (http) with context path ''
2025-01-29 08:17:13 [main] INFO  c.n.e.EmployeeCvApplication - Started EmployeeCvApplication in 6.975 seconds (process running for 11.023)
2025-01-29 08:17:50 [http-nio-8080-exec-1] INFO  o.a.c.c.C.[Tomcat].[localhost].[/] - Initializing Spring DispatcherServlet 'dispatcherServlet'
2025-01-29 08:17:50 [http-nio-8080-exec-1] INFO  o.s.web.servlet.DispatcherServlet - Initializing Servlet 'dispatcherServlet'
2025-01-29 08:17:50 [http-nio-8080-exec-1] INFO  o.s.web.servlet.DispatcherServlet - Completed initialization in 1 ms
2025-01-29 08:19:02 [main] INFO  c.n.e.EmployeeCvApplicationTests - Starting EmployeeCvApplicationTests using Java 22.0.1 with PID 11412 (started by MOI in C:\Users\MOI\SOPEHAK\web\employee_cv)
2025-01-29 08:19:02 [main] INFO  c.n.e.EmployeeCvApplicationTests - No active profile set, falling back to 1 default profile: "dev"
2025-01-29 08:19:02 [main] INFO  o.s.d.r.c.RepositoryConfigurationDelegate - Bootstrapping Spring Data JPA repositories in DEFAULT mode.
2025-01-29 08:19:02 [main] INFO  o.s.d.r.c.RepositoryConfigurationDelegate - Finished Spring Data repository scanning in 100 ms. Found 32 JPA repository interfaces.
2025-01-29 08:19:03 [main] INFO  o.h.jpa.internal.util.LogHelper - HHH000204: Processing PersistenceUnitInfo [name: default]
2025-01-29 08:19:03 [main] INFO  org.hibernate.Version - HHH000412: Hibernate ORM core version 6.4.4.Final
2025-01-29 08:19:03 [main] INFO  o.h.c.i.RegionFactoryInitiator - HHH000026: Second-level cache disabled
2025-01-29 08:19:03 [main] INFO  o.s.o.j.p.SpringPersistenceUnitInfo - No LoadTimeWeaver setup: ignoring JPA class transformer
2025-01-29 08:19:03 [main] INFO  com.zaxxer.hikari.HikariDataSource - HikariPool-1 - Starting...
2025-01-29 08:19:03 [main] INFO  com.zaxxer.hikari.pool.HikariPool - HikariPool-1 - Added connection org.postgresql.jdbc.PgConnection@3278d065
2025-01-29 08:19:03 [main] INFO  com.zaxxer.hikari.HikariDataSource - HikariPool-1 - Start completed.
2025-01-29 08:19:04 [main] INFO  o.h.e.t.j.p.i.JtaPlatformInitiator - HHH000489: No JTA platform available (set 'hibernate.transaction.jta.platform' to enable JTA platform integration)
2025-01-29 08:19:04 [main] INFO  o.hibernate.orm.connections.access - HHH10001501: Connection obtained from JdbcConnectionAccess [org.hibernate.engine.jdbc.env.internal.JdbcEnvironmentInitiator$ConnectionProviderJdbcConnectionAccess@5e8f1db2] for (non-JTA) DDL execution was not in auto-commit mode; the Connection 'local transaction' will be committed and the Connection will be set into auto-commit mode.
2025-01-29 08:19:05 [main] INFO  o.s.o.j.LocalContainerEntityManagerFactoryBean - Initialized JPA EntityManagerFactory for persistence unit 'default'
2025-01-29 08:19:05 [main] INFO  o.s.d.j.r.query.QueryEnhancerFactory - Hibernate is in classpath; If applicable, HQL parser will be used.
2025-01-29 08:19:06 [main] WARN  o.s.b.a.o.j.JpaBaseConfiguration$JpaWebConfiguration - spring.jpa.open-in-view is enabled by default. Therefore, database queries may be performed during view rendering. Explicitly configure spring.jpa.open-in-view to disable this warning
2025-01-29 08:19:06 [main] INFO  o.s.b.a.e.web.EndpointLinksResolver - Exposing 1 endpoint(s) beneath base path '/actuator'
2025-01-29 08:19:07 [main] INFO  o.s.s.web.DefaultSecurityFilterChain - Will secure any request with [org.springframework.security.web.session.DisableEncodeUrlFilter@a229120, org.springframework.security.web.context.request.async.WebAsyncManagerIntegrationFilter@37126e48, org.springframework.security.web.context.SecurityContextHolderFilter@409140b2, org.springframework.security.web.header.HeaderWriterFilter@3ffacb38, org.springframework.web.filter.CorsFilter@3fede5ef, org.springframework.security.web.authentication.logout.LogoutFilter@7653e109, com.noc.employee_cv.security.JwtFilter@6e318ee8, org.springframework.security.web.savedrequest.RequestCacheAwareFilter@27b7716d, org.springframework.security.web.servletapi.SecurityContextHolderAwareRequestFilter@76b5c127, org.springframework.security.web.authentication.AnonymousAuthenticationFilter@5a10c302, org.springframework.security.web.session.SessionManagementFilter@3aa6a6d8, org.springframework.security.web.access.ExceptionTranslationFilter@24045d7a, org.springframework.security.web.access.intercept.AuthorizationFilter@40e406f5]
2025-01-29 08:19:07 [main] INFO  c.n.e.EmployeeCvApplicationTests - Started EmployeeCvApplicationTests in 5.442 seconds (process running for 5.974)
2025-01-29 08:19:07 [SpringApplicationShutdownHook] INFO  o.s.o.j.LocalContainerEntityManagerFactoryBean - Closing JPA EntityManagerFactory for persistence unit 'default'
2025-01-29 08:19:07 [SpringApplicationShutdownHook] INFO  com.zaxxer.hikari.HikariDataSource - HikariPool-1 - Shutdown initiated...
2025-01-29 08:19:07 [SpringApplicationShutdownHook] INFO  com.zaxxer.hikari.HikariDataSource - HikariPool-1 - Shutdown completed.
2025-01-29 11:10:43 [SpringApplicationShutdownHook] INFO  o.s.o.j.LocalContainerEntityManagerFactoryBean - Closing JPA EntityManagerFactory for persistence unit 'default'
2025-01-29 11:10:43 [SpringApplicationShutdownHook] INFO  com.zaxxer.hikari.HikariDataSource - HikariPool-1 - Shutdown initiated...
2025-01-29 11:10:43 [SpringApplicationShutdownHook] INFO  com.zaxxer.hikari.HikariDataSource - HikariPool-1 - Shutdown completed.
