2025-01-16 09:19:03 [main] INFO  c.n.e.EmployeeCvApplication - Starting EmployeeCvApplication using Java 22.0.1 with PID 18264 (C:\Users\MOI\SOPEHAK\web\employee_cv\target\classes started by MOI in C:\Users\MOI\SOPEHAK\web\employee_cv)
2025-01-16 09:19:03 [main] INFO  c.n.e.EmployeeCvApplication - No active profile set, falling back to 1 default profile: "dev"
2025-01-16 09:19:05 [main] INFO  o.s.d.r.c.RepositoryConfigurationDelegate - Bootstrapping Spring Data JPA repositories in DEFAULT mode.
2025-01-16 09:19:05 [main] INFO  o.s.d.r.c.RepositoryConfigurationDelegate - Finished Spring Data repository scanning in 70 ms. Found 32 JPA repository interfaces.
2025-01-16 09:19:06 [main] INFO  o.s.b.w.e.tomcat.TomcatWebServer - Tomcat initialized with port 8080 (http)
2025-01-16 09:19:06 [main] INFO  o.a.coyote.http11.Http11NioProtocol - Initializing ProtocolHandler ["http-nio-8080"]
2025-01-16 09:19:06 [main] INFO  o.a.catalina.core.StandardService - Starting service [Tomcat]
2025-01-16 09:19:06 [main] INFO  o.a.catalina.core.StandardEngine - Starting Servlet engine: [Apache Tomcat/10.1.19]
2025-01-16 09:19:06 [main] INFO  o.a.c.c.C.[Tomcat].[localhost].[/] - Initializing Spring embedded WebApplicationContext
2025-01-16 09:19:06 [main] INFO  o.s.b.w.s.c.ServletWebServerApplicationContext - Root WebApplicationContext: initialization completed in 2261 ms
2025-01-16 09:19:06 [main] INFO  o.h.jpa.internal.util.LogHelper - HHH000204: Processing PersistenceUnitInfo [name: default]
2025-01-16 09:19:06 [main] INFO  org.hibernate.Version - HHH000412: Hibernate ORM core version 6.4.4.Final
2025-01-16 09:19:06 [main] INFO  o.h.c.i.RegionFactoryInitiator - HHH000026: Second-level cache disabled
2025-01-16 09:19:06 [main] INFO  o.s.o.j.p.SpringPersistenceUnitInfo - No LoadTimeWeaver setup: ignoring JPA class transformer
2025-01-16 09:19:06 [main] INFO  com.zaxxer.hikari.HikariDataSource - HikariPool-1 - Starting...
2025-01-16 09:19:06 [main] INFO  com.zaxxer.hikari.pool.HikariPool - HikariPool-1 - Added connection org.postgresql.jdbc.PgConnection@7de2bdc7
2025-01-16 09:19:06 [main] INFO  com.zaxxer.hikari.HikariDataSource - HikariPool-1 - Start completed.
2025-01-16 09:19:07 [main] INFO  o.h.e.t.j.p.i.JtaPlatformInitiator - HHH000489: No JTA platform available (set 'hibernate.transaction.jta.platform' to enable JTA platform integration)
2025-01-16 09:19:07 [main] INFO  o.hibernate.orm.connections.access - HHH10001501: Connection obtained from JdbcConnectionAccess [org.hibernate.engine.jdbc.env.internal.JdbcEnvironmentInitiator$ConnectionProviderJdbcConnectionAccess@583b177a] for (non-JTA) DDL execution was not in auto-commit mode; the Connection 'local transaction' will be committed and the Connection will be set into auto-commit mode.
2025-01-16 09:19:07 [main] INFO  o.s.o.j.LocalContainerEntityManagerFactoryBean - Initialized JPA EntityManagerFactory for persistence unit 'default'
2025-01-16 09:19:07 [main] INFO  o.s.d.j.r.query.QueryEnhancerFactory - Hibernate is in classpath; If applicable, HQL parser will be used.
2025-01-16 09:19:14 [main] WARN  o.s.b.a.o.j.JpaBaseConfiguration$JpaWebConfiguration - spring.jpa.open-in-view is enabled by default. Therefore, database queries may be performed during view rendering. Explicitly configure spring.jpa.open-in-view to disable this warning
2025-01-16 09:19:15 [main] INFO  o.s.b.a.e.web.EndpointLinksResolver - Exposing 1 endpoint(s) beneath base path '/actuator'
2025-01-16 09:19:15 [main] INFO  o.s.s.web.DefaultSecurityFilterChain - Will secure any request with [org.springframework.security.web.session.DisableEncodeUrlFilter@1648c4b2, org.springframework.security.web.context.request.async.WebAsyncManagerIntegrationFilter@3e7431f5, org.springframework.security.web.context.SecurityContextHolderFilter@118cad8d, org.springframework.security.web.header.HeaderWriterFilter@5694be4c, org.springframework.web.filter.CorsFilter@4f4fd133, org.springframework.security.web.authentication.logout.LogoutFilter@6a50888c, com.noc.employee_cv.security.JwtFilter@277e2871, org.springframework.security.web.savedrequest.RequestCacheAwareFilter@1ae7c0a8, org.springframework.security.web.servletapi.SecurityContextHolderAwareRequestFilter@4b047aba, org.springframework.security.web.authentication.AnonymousAuthenticationFilter@2eb78c9c, org.springframework.security.web.session.SessionManagementFilter@442aea9a, org.springframework.security.web.access.ExceptionTranslationFilter@28dd27cc, org.springframework.security.web.access.intercept.AuthorizationFilter@5db4c6c1]
2025-01-16 09:19:16 [main] INFO  o.a.coyote.http11.Http11NioProtocol - Starting ProtocolHandler ["http-nio-8080"]
2025-01-16 09:19:16 [main] INFO  o.s.b.w.e.tomcat.TomcatWebServer - Tomcat started on port 8080 (http) with context path ''
2025-01-16 09:19:16 [main] INFO  c.n.e.EmployeeCvApplication - Started EmployeeCvApplication in 12.702 seconds (process running for 15.975)
2025-01-16 09:19:20 [http-nio-8080-exec-2] INFO  o.a.c.c.C.[Tomcat].[localhost].[/] - Initializing Spring DispatcherServlet 'dispatcherServlet'
2025-01-16 09:19:20 [http-nio-8080-exec-2] INFO  o.s.web.servlet.DispatcherServlet - Initializing Servlet 'dispatcherServlet'
2025-01-16 09:19:20 [http-nio-8080-exec-2] INFO  o.s.web.servlet.DispatcherServlet - Completed initialization in 2 ms
2025-01-16 09:30:48 [SpringApplicationShutdownHook] INFO  o.s.o.j.LocalContainerEntityManagerFactoryBean - Closing JPA EntityManagerFactory for persistence unit 'default'
2025-01-16 09:30:48 [SpringApplicationShutdownHook] INFO  com.zaxxer.hikari.HikariDataSource - HikariPool-1 - Shutdown initiated...
2025-01-16 09:30:48 [SpringApplicationShutdownHook] INFO  com.zaxxer.hikari.HikariDataSource - HikariPool-1 - Shutdown completed.
2025-01-16 09:30:50 [main] INFO  c.n.e.EmployeeCvApplication - Starting EmployeeCvApplication using Java 22.0.1 with PID 8356 (C:\Users\MOI\SOPEHAK\web\employee_cv\target\classes started by MOI in C:\Users\MOI\SOPEHAK\web\employee_cv)
2025-01-16 09:30:50 [main] INFO  c.n.e.EmployeeCvApplication - No active profile set, falling back to 1 default profile: "dev"
2025-01-16 09:30:50 [main] INFO  o.s.d.r.c.RepositoryConfigurationDelegate - Bootstrapping Spring Data JPA repositories in DEFAULT mode.
2025-01-16 09:30:51 [main] INFO  o.s.d.r.c.RepositoryConfigurationDelegate - Finished Spring Data repository scanning in 69 ms. Found 32 JPA repository interfaces.
2025-01-16 09:30:51 [main] INFO  o.s.b.w.e.tomcat.TomcatWebServer - Tomcat initialized with port 8080 (http)
2025-01-16 09:30:51 [main] INFO  o.a.coyote.http11.Http11NioProtocol - Initializing ProtocolHandler ["http-nio-8080"]
2025-01-16 09:30:51 [main] INFO  o.a.catalina.core.StandardService - Starting service [Tomcat]
2025-01-16 09:30:51 [main] INFO  o.a.catalina.core.StandardEngine - Starting Servlet engine: [Apache Tomcat/10.1.19]
2025-01-16 09:30:51 [main] INFO  o.a.c.c.C.[Tomcat].[localhost].[/] - Initializing Spring embedded WebApplicationContext
2025-01-16 09:30:51 [main] INFO  o.s.b.w.s.c.ServletWebServerApplicationContext - Root WebApplicationContext: initialization completed in 1044 ms
2025-01-16 09:30:51 [main] INFO  o.h.jpa.internal.util.LogHelper - HHH000204: Processing PersistenceUnitInfo [name: default]
2025-01-16 09:30:51 [main] INFO  org.hibernate.Version - HHH000412: Hibernate ORM core version 6.4.4.Final
2025-01-16 09:30:51 [main] INFO  o.h.c.i.RegionFactoryInitiator - HHH000026: Second-level cache disabled
2025-01-16 09:30:51 [main] INFO  o.s.o.j.p.SpringPersistenceUnitInfo - No LoadTimeWeaver setup: ignoring JPA class transformer
2025-01-16 09:30:51 [main] INFO  com.zaxxer.hikari.HikariDataSource - HikariPool-1 - Starting...
2025-01-16 09:30:51 [main] INFO  com.zaxxer.hikari.pool.HikariPool - HikariPool-1 - Added connection org.postgresql.jdbc.PgConnection@7d90764a
2025-01-16 09:30:51 [main] INFO  com.zaxxer.hikari.HikariDataSource - HikariPool-1 - Start completed.
2025-01-16 09:30:52 [main] INFO  o.h.e.t.j.p.i.JtaPlatformInitiator - HHH000489: No JTA platform available (set 'hibernate.transaction.jta.platform' to enable JTA platform integration)
2025-01-16 09:30:52 [main] INFO  o.hibernate.orm.connections.access - HHH10001501: Connection obtained from JdbcConnectionAccess [org.hibernate.engine.jdbc.env.internal.JdbcEnvironmentInitiator$ConnectionProviderJdbcConnectionAccess@a479c0c] for (non-JTA) DDL execution was not in auto-commit mode; the Connection 'local transaction' will be committed and the Connection will be set into auto-commit mode.
2025-01-16 09:30:52 [main] INFO  o.s.o.j.LocalContainerEntityManagerFactoryBean - Initialized JPA EntityManagerFactory for persistence unit 'default'
2025-01-16 09:30:53 [main] INFO  o.s.d.j.r.query.QueryEnhancerFactory - Hibernate is in classpath; If applicable, HQL parser will be used.
2025-01-16 09:30:54 [main] WARN  o.s.b.a.o.j.JpaBaseConfiguration$JpaWebConfiguration - spring.jpa.open-in-view is enabled by default. Therefore, database queries may be performed during view rendering. Explicitly configure spring.jpa.open-in-view to disable this warning
2025-01-16 09:30:54 [main] INFO  o.s.b.a.e.web.EndpointLinksResolver - Exposing 1 endpoint(s) beneath base path '/actuator'
2025-01-16 09:30:54 [main] INFO  o.s.s.web.DefaultSecurityFilterChain - Will secure any request with [org.springframework.security.web.session.DisableEncodeUrlFilter@2c76c7e1, org.springframework.security.web.context.request.async.WebAsyncManagerIntegrationFilter@7841dff9, org.springframework.security.web.context.SecurityContextHolderFilter@5759370a, org.springframework.security.web.header.HeaderWriterFilter@2ea4adaf, org.springframework.web.filter.CorsFilter@7d81d3ac, org.springframework.security.web.authentication.logout.LogoutFilter@32d52900, com.noc.employee_cv.security.JwtFilter@738132d6, org.springframework.security.web.savedrequest.RequestCacheAwareFilter@7c7019bc, org.springframework.security.web.servletapi.SecurityContextHolderAwareRequestFilter@4b1d75ea, org.springframework.security.web.authentication.AnonymousAuthenticationFilter@7e843b26, org.springframework.security.web.session.SessionManagementFilter@38f89c02, org.springframework.security.web.access.ExceptionTranslationFilter@75043bfd, org.springframework.security.web.access.intercept.AuthorizationFilter@52a31a61]
2025-01-16 09:30:54 [main] INFO  o.a.coyote.http11.Http11NioProtocol - Starting ProtocolHandler ["http-nio-8080"]
2025-01-16 09:30:54 [main] INFO  o.s.b.w.e.tomcat.TomcatWebServer - Tomcat started on port 8080 (http) with context path ''
2025-01-16 09:30:54 [main] INFO  c.n.e.EmployeeCvApplication - Started EmployeeCvApplication in 4.814 seconds (process running for 5.111)
2025-01-16 09:30:55 [RMI TCP Connection(2)-172.18.70.200] INFO  o.a.c.c.C.[Tomcat].[localhost].[/] - Initializing Spring DispatcherServlet 'dispatcherServlet'
2025-01-16 09:30:55 [RMI TCP Connection(2)-172.18.70.200] INFO  o.s.web.servlet.DispatcherServlet - Initializing Servlet 'dispatcherServlet'
2025-01-16 09:30:55 [RMI TCP Connection(2)-172.18.70.200] INFO  o.s.web.servlet.DispatcherServlet - Completed initialization in 2 ms
2025-01-16 09:31:17 [http-nio-8080-exec-3] ERROR o.a.c.c.C.[.[.[.[dispatcherServlet] - Servlet.service() for servlet [dispatcherServlet] in context with path [] threw exception [Request processing failed: net.sf.jasperreports.engine.JRException: Unable to compile the report file: classpath:/employee_report_pdf.jrxml] with root cause
net.sf.jasperreports.engine.JRException: Errors were encountered when compiling report expressions class file:
1. The preview feature Switch Expressions is only available with source level 13 and above
    switch (((java.lang.String)field_currentPoliceRank.getValue())) { //$JR_EXPR_ID=159$
        case "ពលបាលត្រី": //$JR_EXPR_ID=159$
            "ព.ត្រី"; //$JR_EXPR_ID=159$
            break; //$JR_EXPR_ID=159$
        case "ពលបាលទោ": //$JR_EXPR_ID=159$
            "ព.ទោ"; //$JR_EXPR_ID=159$
            break; //$JR_EXPR_ID=159$
        case "ពលបាលឯក": //$JR_EXPR_ID=159$
            "ព.ឯក"; //$JR_EXPR_ID=159$
            break; //$JR_EXPR_ID=159$
        case "ព្រឹន្ទបាលទោ": //$JR_EXPR_ID=159$
            "ព្រ.ទោ"; //$JR_EXPR_ID=159$
            break; //$JR_EXPR_ID=159$
        case "ព្រឹន្ទបាលត្រី": //$JR_EXPR_ID=159$
            "ព្រ.ត្រី"; //$JR_EXPR_ID=159$
            break; //$JR_EXPR_ID=159$
        case "ព្រឹន្ទបាលឯក": //$JR_EXPR_ID=159$
            "ព្រ.ឯក"; //$JR_EXPR_ID=159$
            break; //$JR_EXPR_ID=159$
        case "វរសេនីយ៍ត្រី": //$JR_EXPR_ID=159$
            "វ.ត្រី"; //$JR_EXPR_ID=159$
            break;                   //$JR_EXPR_ID=159$
        case "វរសេនីយ៍ទោ": //$JR_EXPR_ID=159$
            "វ.ទោ"; //$JR_EXPR_ID=159$
            break;                     //$JR_EXPR_ID=159$
        case "វរសេនីយ៍ឯក": //$JR_EXPR_ID=159$
            "វ.ឯក"; //$JR_EXPR_ID=159$
            break;                              //$JR_EXPR_ID=159$
        default: //$JR_EXPR_ID=159$
            ""; // Use an empty string if no match is found //$JR_EXPR_ID=159$
    } //$JR_EXPR_ID=159$
    <------------------------------------------------------------------------------------------------------------------------------------------------------------------------------------------------------------------------------------------------------------------------------------------------------------------------------------------------------------------------------------------------------------------------------------------------------------------------------------------------------------------------------------------------------------------------------------------------------------------------------------------------------------------------------------------------------------------------------------------------------------------------------------------------------------------------------------------------------------------------------------------------------------------------------------------------------------------------------------------------------------------------------------------------------------------------------------------------------------------------------------------------------------------------------------------------------------------------------------------------------------------------------------------------------------------------------------------------------------------------------------------------------------------------------------------------>
2. Syntax error, insert "AssignmentOperator Expression" to complete Expression
            "ព.ត្រី"; //$JR_EXPR_ID=159$
            <------>
3. The left-hand side of an assignment must be a variable
            "ព.ត្រី"; //$JR_EXPR_ID=159$
            <------>
4. Syntax error, insert "AssignmentOperator Expression" to complete Expression
            "ព.ទោ"; //$JR_EXPR_ID=159$
            <---->
5. The left-hand side of an assignment must be a variable
            "ព.ទោ"; //$JR_EXPR_ID=159$
            <---->
6. Syntax error, insert "AssignmentOperator Expression" to complete Expression
            "ព.ឯក"; //$JR_EXPR_ID=159$
            <---->
7. The left-hand side of an assignment must be a variable
            "ព.ឯក"; //$JR_EXPR_ID=159$
            <---->
8. Syntax error, insert "AssignmentOperator Expression" to complete Expression
            "ព្រ.ទោ"; //$JR_EXPR_ID=159$
            <------>
9. The left-hand side of an assignment must be a variable
            "ព្រ.ទោ"; //$JR_EXPR_ID=159$
            <------>
10. Syntax error, insert "AssignmentOperator Expression" to complete Expression
            "ព្រ.ត្រី"; //$JR_EXPR_ID=159$
            <-------->
11. The left-hand side of an assignment must be a variable
            "ព្រ.ត្រី"; //$JR_EXPR_ID=159$
            <-------->
12. Syntax error, insert "AssignmentOperator Expression" to complete Expression
            "ព្រ.ឯក"; //$JR_EXPR_ID=159$
            <------>
13. The left-hand side of an assignment must be a variable
            "ព្រ.ឯក"; //$JR_EXPR_ID=159$
            <------>
14. Syntax error, insert "AssignmentOperator Expression" to complete Expression
            "វ.ត្រី"; //$JR_EXPR_ID=159$
            <------>
15. The left-hand side of an assignment must be a variable
            "វ.ត្រី"; //$JR_EXPR_ID=159$
            <------>
16. Syntax error, insert "AssignmentOperator Expression" to complete Expression
            "វ.ទោ"; //$JR_EXPR_ID=159$
            <---->
17. The left-hand side of an assignment must be a variable
            "វ.ទោ"; //$JR_EXPR_ID=159$
            <---->
18. Syntax error, insert "AssignmentOperator Expression" to complete Expression
            "វ.ឯក"; //$JR_EXPR_ID=159$
            <---->
19. The left-hand side of an assignment must be a variable
            "វ.ឯក"; //$JR_EXPR_ID=159$
            <---->
20. Syntax error, insert "AssignmentOperator Expression" to complete Expression
            ""; // Use an empty string if no match is found //$JR_EXPR_ID=159$
            <>
21. The left-hand side of an assignment must be a variable
            ""; // Use an empty string if no match is found //$JR_EXPR_ID=159$
            <>
22. The preview feature Switch Expressions is only available with source level 13 and above
    switch (((java.lang.String)field_currentPoliceRank.getOldValue())) { //$JR_EXPR_ID=159$
        case "ពលបាលត្រី": //$JR_EXPR_ID=159$
            "ព.ត្រី"; //$JR_EXPR_ID=159$
            break; //$JR_EXPR_ID=159$
        case "ពលបាលទោ": //$JR_EXPR_ID=159$
            "ព.ទោ"; //$JR_EXPR_ID=159$
            break; //$JR_EXPR_ID=159$
        case "ពលបាលឯក": //$JR_EXPR_ID=159$
            "ព.ឯក"; //$JR_EXPR_ID=159$
            break; //$JR_EXPR_ID=159$
        case "ព្រឹន្ទបាលទោ": //$JR_EXPR_ID=159$
            "ព្រ.ទោ"; //$JR_EXPR_ID=159$
            break; //$JR_EXPR_ID=159$
        case "ព្រឹន្ទបាលត្រី": //$JR_EXPR_ID=159$
            "ព្រ.ត្រី"; //$JR_EXPR_ID=159$
            break; //$JR_EXPR_ID=159$
        case "ព្រឹន្ទបាលឯក": //$JR_EXPR_ID=159$
            "ព្រ.ឯក"; //$JR_EXPR_ID=159$
            break; //$JR_EXPR_ID=159$
        case "វរសេនីយ៍ត្រី": //$JR_EXPR_ID=159$
            "វ.ត្រី"; //$JR_EXPR_ID=159$
            break;                   //$JR_EXPR_ID=159$
        case "វរសេនីយ៍ទោ": //$JR_EXPR_ID=159$
            "វ.ទោ"; //$JR_EXPR_ID=159$
            break;                     //$JR_EXPR_ID=159$
        case "វរសេនីយ៍ឯក": //$JR_EXPR_ID=159$
            "វ.ឯក"; //$JR_EXPR_ID=159$
            break;                              //$JR_EXPR_ID=159$
        default: //$JR_EXPR_ID=159$
            ""; // Use an empty string if no match is found //$JR_EXPR_ID=159$
    } //$JR_EXPR_ID=159$
    <--------------------------------------------------------------------------------------------------------------------------------------------------------------------------------------------------------------------------------------------------------------------------------------------------------------------------------------------------------------------------------------------------------------------------------------------------------------------------------------------------------------------------------------------------------------------------------------------------------------------------------------------------------------------------------------------------------------------------------------------------------------------------------------------------------------------------------------------------------------------------------------------------------------------------------------------------------------------------------------------------------------------------------------------------------------------------------------------------------------------------------------------------------------------------------------------------------------------------------------------------------------------------------------------------------------------------------------------------------------------------------------------------------------------------------------------------->
23. Syntax error, insert "AssignmentOperator Expression" to complete Expression
            "ព.ត្រី"; //$JR_EXPR_ID=159$
            <------>
24. The left-hand side of an assignment must be a variable
            "ព.ត្រី"; //$JR_EXPR_ID=159$
            <------>
25. Syntax error, insert "AssignmentOperator Expression" to complete Expression
            "ព.ទោ"; //$JR_EXPR_ID=159$
            <---->
26. The left-hand side of an assignment must be a variable
            "ព.ទោ"; //$JR_EXPR_ID=159$
            <---->
27. Syntax error, insert "AssignmentOperator Expression" to complete Expression
            "ព.ឯក"; //$JR_EXPR_ID=159$
            <---->
28. The left-hand side of an assignment must be a variable
            "ព.ឯក"; //$JR_EXPR_ID=159$
            <---->
29. Syntax error, insert "AssignmentOperator Expression" to complete Expression
            "ព្រ.ទោ"; //$JR_EXPR_ID=159$
            <------>
30. The left-hand side of an assignment must be a variable
            "ព្រ.ទោ"; //$JR_EXPR_ID=159$
            <------>
31. Syntax error, insert "AssignmentOperator Expression" to complete Expression
            "ព្រ.ត្រី"; //$JR_EXPR_ID=159$
            <-------->
32. The left-hand side of an assignment must be a variable
            "ព្រ.ត្រី"; //$JR_EXPR_ID=159$
            <-------->
33. Syntax error, insert "AssignmentOperator Expression" to complete Expression
            "ព្រ.ឯក"; //$JR_EXPR_ID=159$
            <------>
34. The left-hand side of an assignment must be a variable
            "ព្រ.ឯក"; //$JR_EXPR_ID=159$
            <------>
35. Syntax error, insert "AssignmentOperator Expression" to complete Expression
            "វ.ត្រី"; //$JR_EXPR_ID=159$
            <------>
36. The left-hand side of an assignment must be a variable
            "វ.ត្រី"; //$JR_EXPR_ID=159$
            <------>
37. Syntax error, insert "AssignmentOperator Expression" to complete Expression
            "វ.ទោ"; //$JR_EXPR_ID=159$
            <---->
38. The left-hand side of an assignment must be a variable
            "វ.ទោ"; //$JR_EXPR_ID=159$
            <---->
39. Syntax error, insert "AssignmentOperator Expression" to complete Expression
            "វ.ឯក"; //$JR_EXPR_ID=159$
            <---->
40. The left-hand side of an assignment must be a variable
            "វ.ឯក"; //$JR_EXPR_ID=159$
            <---->
41. Syntax error, insert "AssignmentOperator Expression" to complete Expression
            ""; // Use an empty string if no match is found //$JR_EXPR_ID=159$
            <>
42. The left-hand side of an assignment must be a variable
            ""; // Use an empty string if no match is found //$JR_EXPR_ID=159$
            <>
43. The preview feature Switch Expressions is only available with source level 13 and above
    switch (((java.lang.String)field_currentPoliceRank.getValue())) { //$JR_EXPR_ID=159$
        case "ពលបាលត្រី": //$JR_EXPR_ID=159$
            "ព.ត្រី"; //$JR_EXPR_ID=159$
            break; //$JR_EXPR_ID=159$
        case "ពលបាលទោ": //$JR_EXPR_ID=159$
            "ព.ទោ"; //$JR_EXPR_ID=159$
            break; //$JR_EXPR_ID=159$
        case "ពលបាលឯក": //$JR_EXPR_ID=159$
            "ព.ឯក"; //$JR_EXPR_ID=159$
            break; //$JR_EXPR_ID=159$
        case "ព្រឹន្ទបាលទោ": //$JR_EXPR_ID=159$
            "ព្រ.ទោ"; //$JR_EXPR_ID=159$
            break; //$JR_EXPR_ID=159$
        case "ព្រឹន្ទបាលត្រី": //$JR_EXPR_ID=159$
            "ព្រ.ត្រី"; //$JR_EXPR_ID=159$
            break; //$JR_EXPR_ID=159$
        case "ព្រឹន្ទបាលឯក": //$JR_EXPR_ID=159$
            "ព្រ.ឯក"; //$JR_EXPR_ID=159$
            break; //$JR_EXPR_ID=159$
        case "វរសេនីយ៍ត្រី": //$JR_EXPR_ID=159$
            "វ.ត្រី"; //$JR_EXPR_ID=159$
            break;                   //$JR_EXPR_ID=159$
        case "វរសេនីយ៍ទោ": //$JR_EXPR_ID=159$
            "វ.ទោ"; //$JR_EXPR_ID=159$
            break;                     //$JR_EXPR_ID=159$
        case "វរសេនីយ៍ឯក": //$JR_EXPR_ID=159$
            "វ.ឯក"; //$JR_EXPR_ID=159$
            break;                              //$JR_EXPR_ID=159$
        default: //$JR_EXPR_ID=159$
            ""; // Use an empty string if no match is found //$JR_EXPR_ID=159$
    } //$JR_EXPR_ID=159$
    <------------------------------------------------------------------------------------------------------------------------------------------------------------------------------------------------------------------------------------------------------------------------------------------------------------------------------------------------------------------------------------------------------------------------------------------------------------------------------------------------------------------------------------------------------------------------------------------------------------------------------------------------------------------------------------------------------------------------------------------------------------------------------------------------------------------------------------------------------------------------------------------------------------------------------------------------------------------------------------------------------------------------------------------------------------------------------------------------------------------------------------------------------------------------------------------------------------------------------------------------------------------------------------------------------------------------------------------------------------------------------------------------------------------------------------------------>
44. Syntax error, insert "AssignmentOperator Expression" to complete Expression
            "ព.ត្រី"; //$JR_EXPR_ID=159$
            <------>
45. The left-hand side of an assignment must be a variable
            "ព.ត្រី"; //$JR_EXPR_ID=159$
            <------>
46. Syntax error, insert "AssignmentOperator Expression" to complete Expression
            "ព.ទោ"; //$JR_EXPR_ID=159$
            <---->
47. The left-hand side of an assignment must be a variable
            "ព.ទោ"; //$JR_EXPR_ID=159$
            <---->
48. Syntax error, insert "AssignmentOperator Expression" to complete Expression
            "ព.ឯក"; //$JR_EXPR_ID=159$
            <---->
49. The left-hand side of an assignment must be a variable
            "ព.ឯក"; //$JR_EXPR_ID=159$
            <---->
50. Syntax error, insert "AssignmentOperator Expression" to complete Expression
            "ព្រ.ទោ"; //$JR_EXPR_ID=159$
            <------>
51. The left-hand side of an assignment must be a variable
            "ព្រ.ទោ"; //$JR_EXPR_ID=159$
            <------>
52. Syntax error, insert "AssignmentOperator Expression" to complete Expression
            "ព្រ.ត្រី"; //$JR_EXPR_ID=159$
            <-------->
53. The left-hand side of an assignment must be a variable
            "ព្រ.ត្រី"; //$JR_EXPR_ID=159$
            <-------->
54. Syntax error, insert "AssignmentOperator Expression" to complete Expression
            "ព្រ.ឯក"; //$JR_EXPR_ID=159$
            <------>
55. The left-hand side of an assignment must be a variable
            "ព្រ.ឯក"; //$JR_EXPR_ID=159$
            <------>
56. Syntax error, insert "AssignmentOperator Expression" to complete Expression
            "វ.ត្រី"; //$JR_EXPR_ID=159$
            <------>
57. The left-hand side of an assignment must be a variable
            "វ.ត្រី"; //$JR_EXPR_ID=159$
            <------>
58. Syntax error, insert "AssignmentOperator Expression" to complete Expression
            "វ.ទោ"; //$JR_EXPR_ID=159$
            <---->
59. The left-hand side of an assignment must be a variable
            "វ.ទោ"; //$JR_EXPR_ID=159$
            <---->
60. Syntax error, insert "AssignmentOperator Expression" to complete Expression
            "វ.ឯក"; //$JR_EXPR_ID=159$
            <---->
61. The left-hand side of an assignment must be a variable
            "វ.ឯក"; //$JR_EXPR_ID=159$
            <---->
62. Syntax error, insert "AssignmentOperator Expression" to complete Expression
            ""; // Use an empty string if no match is found //$JR_EXPR_ID=159$
            <>
63. The left-hand side of an assignment must be a variable
            ""; // Use an empty string if no match is found //$JR_EXPR_ID=159$
            <>
63 errors
.
	at net.sf.jasperreports.engine.design.JRAbstractCompiler.compileReport(JRAbstractCompiler.java:234)
	at net.sf.jasperreports.engine.JasperCompileManager.compile(JasperCompileManager.java:358)
	at net.sf.jasperreports.engine.JasperCompileManager.compile(JasperCompileManager.java:344)
	at net.sf.jasperreports.engine.JasperCompileManager.compileReport(JasperCompileManager.java:609)
	at com.noc.employee_cv.services.serviceImpl.ReportServiceImp.exportReportToFrontEnd(ReportServiceImp.java:496)
	at com.noc.employee_cv.contollers.EmployeeController.generateReport(EmployeeController.java:230)
	at java.base/jdk.internal.reflect.DirectMethodHandleAccessor.invoke(DirectMethodHandleAccessor.java:103)
	at java.base/java.lang.reflect.Method.invoke(Method.java:580)
	at org.springframework.web.method.support.InvocableHandlerMethod.doInvoke(InvocableHandlerMethod.java:255)
	at org.springframework.web.method.support.InvocableHandlerMethod.invokeForRequest(InvocableHandlerMethod.java:188)
	at org.springframework.web.servlet.mvc.method.annotation.ServletInvocableHandlerMethod.invokeAndHandle(ServletInvocableHandlerMethod.java:118)
	at org.springframework.web.servlet.mvc.method.annotation.RequestMappingHandlerAdapter.invokeHandlerMethod(RequestMappingHandlerAdapter.java:925)
	at org.springframework.web.servlet.mvc.method.annotation.RequestMappingHandlerAdapter.handleInternal(RequestMappingHandlerAdapter.java:830)
	at org.springframework.web.servlet.mvc.method.AbstractHandlerMethodAdapter.handle(AbstractHandlerMethodAdapter.java:87)
	at org.springframework.web.servlet.DispatcherServlet.doDispatch(DispatcherServlet.java:1089)
	at org.springframework.web.servlet.DispatcherServlet.doService(DispatcherServlet.java:979)
	at org.springframework.web.servlet.FrameworkServlet.processRequest(FrameworkServlet.java:1014)
	at org.springframework.web.servlet.FrameworkServlet.doGet(FrameworkServlet.java:903)
	at jakarta.servlet.http.HttpServlet.service(HttpServlet.java:564)
	at org.springframework.web.servlet.FrameworkServlet.service(FrameworkServlet.java:885)
	at jakarta.servlet.http.HttpServlet.service(HttpServlet.java:658)
	at org.apache.catalina.core.ApplicationFilterChain.internalDoFilter(ApplicationFilterChain.java:205)
	at org.apache.catalina.core.ApplicationFilterChain.doFilter(ApplicationFilterChain.java:149)
	at org.apache.tomcat.websocket.server.WsFilter.doFilter(WsFilter.java:51)
	at org.apache.catalina.core.ApplicationFilterChain.internalDoFilter(ApplicationFilterChain.java:174)
	at org.apache.catalina.core.ApplicationFilterChain.doFilter(ApplicationFilterChain.java:149)
	at org.springframework.web.filter.OncePerRequestFilter.doFilter(OncePerRequestFilter.java:110)
	at org.apache.catalina.core.ApplicationFilterChain.internalDoFilter(ApplicationFilterChain.java:174)
	at org.apache.catalina.core.ApplicationFilterChain.doFilter(ApplicationFilterChain.java:149)
	at org.springframework.web.filter.CompositeFilter$VirtualFilterChain.doFilter(CompositeFilter.java:108)
	at org.springframework.security.web.FilterChainProxy.lambda$doFilterInternal$3(FilterChainProxy.java:231)
	at org.springframework.security.web.ObservationFilterChainDecorator$FilterObservation$SimpleFilterObservation.lambda$wrap$1(ObservationFilterChainDecorator.java:479)
	at org.springframework.security.web.ObservationFilterChainDecorator$AroundFilterObservation$SimpleAroundFilterObservation.lambda$wrap$1(ObservationFilterChainDecorator.java:340)
	at org.springframework.security.web.ObservationFilterChainDecorator.lambda$wrapSecured$0(ObservationFilterChainDecorator.java:82)
	at org.springframework.security.web.ObservationFilterChainDecorator$VirtualFilterChain.doFilter(ObservationFilterChainDecorator.java:128)
	at org.springframework.security.web.access.intercept.AuthorizationFilter.doFilter(AuthorizationFilter.java:100)
	at org.springframework.security.web.ObservationFilterChainDecorator$ObservationFilter.wrapFilter(ObservationFilterChainDecorator.java:240)
	at org.springframework.security.web.ObservationFilterChainDecorator$ObservationFilter.doFilter(ObservationFilterChainDecorator.java:227)
	at org.springframework.security.web.ObservationFilterChainDecorator$VirtualFilterChain.doFilter(ObservationFilterChainDecorator.java:137)
	at org.springframework.security.web.access.ExceptionTranslationFilter.doFilter(ExceptionTranslationFilter.java:126)
	at org.springframework.security.web.access.ExceptionTranslationFilter.doFilter(ExceptionTranslationFilter.java:120)
	at org.springframework.security.web.ObservationFilterChainDecorator$ObservationFilter.wrapFilter(ObservationFilterChainDecorator.java:240)
	at org.springframework.security.web.ObservationFilterChainDecorator$ObservationFilter.doFilter(ObservationFilterChainDecorator.java:227)
	at org.springframework.security.web.ObservationFilterChainDecorator$VirtualFilterChain.doFilter(ObservationFilterChainDecorator.java:137)
	at org.springframework.security.web.session.SessionManagementFilter.doFilter(SessionManagementFilter.java:131)
	at org.springframework.security.web.session.SessionManagementFilter.doFilter(SessionManagementFilter.java:85)
	at org.springframework.security.web.ObservationFilterChainDecorator$ObservationFilter.wrapFilter(ObservationFilterChainDecorator.java:240)
	at org.springframework.security.web.ObservationFilterChainDecorator$ObservationFilter.doFilter(ObservationFilterChainDecorator.java:227)
	at org.springframework.security.web.ObservationFilterChainDecorator$VirtualFilterChain.doFilter(ObservationFilterChainDecorator.java:137)
	at org.springframework.security.web.authentication.AnonymousAuthenticationFilter.doFilter(AnonymousAuthenticationFilter.java:100)
	at org.springframework.security.web.ObservationFilterChainDecorator$ObservationFilter.wrapFilter(ObservationFilterChainDecorator.java:240)
	at org.springframework.security.web.ObservationFilterChainDecorator$ObservationFilter.doFilter(ObservationFilterChainDecorator.java:227)
	at org.springframework.security.web.ObservationFilterChainDecorator$VirtualFilterChain.doFilter(ObservationFilterChainDecorator.java:137)
	at org.springframework.security.web.servletapi.SecurityContextHolderAwareRequestFilter.doFilter(SecurityContextHolderAwareRequestFilter.java:179)
	at org.springframework.security.web.ObservationFilterChainDecorator$ObservationFilter.wrapFilter(ObservationFilterChainDecorator.java:240)
	at org.springframework.security.web.ObservationFilterChainDecorator$ObservationFilter.doFilter(ObservationFilterChainDecorator.java:227)
	at org.springframework.security.web.ObservationFilterChainDecorator$VirtualFilterChain.doFilter(ObservationFilterChainDecorator.java:137)
	at org.springframework.security.web.savedrequest.RequestCacheAwareFilter.doFilter(RequestCacheAwareFilter.java:63)
	at org.springframework.security.web.ObservationFilterChainDecorator$ObservationFilter.wrapFilter(ObservationFilterChainDecorator.java:240)
	at org.springframework.security.web.ObservationFilterChainDecorator$ObservationFilter.doFilter(ObservationFilterChainDecorator.java:227)
	at org.springframework.security.web.ObservationFilterChainDecorator$VirtualFilterChain.doFilter(ObservationFilterChainDecorator.java:137)
	at com.noc.employee_cv.security.JwtFilter.doFilterInternal(JwtFilter.java:53)
	at org.springframework.web.filter.OncePerRequestFilter.doFilter(OncePerRequestFilter.java:116)
	at org.springframework.security.web.ObservationFilterChainDecorator$ObservationFilter.wrapFilter(ObservationFilterChainDecorator.java:240)
	at org.springframework.security.web.ObservationFilterChainDecorator$ObservationFilter.doFilter(ObservationFilterChainDecorator.java:227)
	at org.springframework.security.web.ObservationFilterChainDecorator$VirtualFilterChain.doFilter(ObservationFilterChainDecorator.java:137)
	at org.springframework.security.web.authentication.logout.LogoutFilter.doFilter(LogoutFilter.java:107)
	at org.springframework.security.web.authentication.logout.LogoutFilter.doFilter(LogoutFilter.java:93)
	at org.springframework.security.web.ObservationFilterChainDecorator$ObservationFilter.wrapFilter(ObservationFilterChainDecorator.java:240)
	at org.springframework.security.web.ObservationFilterChainDecorator$ObservationFilter.doFilter(ObservationFilterChainDecorator.java:227)
	at org.springframework.security.web.ObservationFilterChainDecorator$VirtualFilterChain.doFilter(ObservationFilterChainDecorator.java:137)
	at org.springframework.web.filter.CorsFilter.doFilterInternal(CorsFilter.java:91)
	at org.springframework.web.filter.OncePerRequestFilter.doFilter(OncePerRequestFilter.java:116)
	at org.springframework.security.web.ObservationFilterChainDecorator$ObservationFilter.wrapFilter(ObservationFilterChainDecorator.java:240)
	at org.springframework.security.web.ObservationFilterChainDecorator$ObservationFilter.doFilter(ObservationFilterChainDecorator.java:227)
	at org.springframework.security.web.ObservationFilterChainDecorator$VirtualFilterChain.doFilter(ObservationFilterChainDecorator.java:137)
	at org.springframework.security.web.header.HeaderWriterFilter.doHeadersAfter(HeaderWriterFilter.java:90)
	at org.springframework.security.web.header.HeaderWriterFilter.doFilterInternal(HeaderWriterFilter.java:75)
	at org.springframework.web.filter.OncePerRequestFilter.doFilter(OncePerRequestFilter.java:116)
	at org.springframework.security.web.ObservationFilterChainDecorator$ObservationFilter.wrapFilter(ObservationFilterChainDecorator.java:240)
	at org.springframework.security.web.ObservationFilterChainDecorator$ObservationFilter.doFilter(ObservationFilterChainDecorator.java:227)
	at org.springframework.security.web.ObservationFilterChainDecorator$VirtualFilterChain.doFilter(ObservationFilterChainDecorator.java:137)
	at org.springframework.security.web.context.SecurityContextHolderFilter.doFilter(SecurityContextHolderFilter.java:82)
	at org.springframework.security.web.context.SecurityContextHolderFilter.doFilter(SecurityContextHolderFilter.java:69)
	at org.springframework.security.web.ObservationFilterChainDecorator$ObservationFilter.wrapFilter(ObservationFilterChainDecorator.java:240)
	at org.springframework.security.web.ObservationFilterChainDecorator$ObservationFilter.doFilter(ObservationFilterChainDecorator.java:227)
	at org.springframework.security.web.ObservationFilterChainDecorator$VirtualFilterChain.doFilter(ObservationFilterChainDecorator.java:137)
	at org.springframework.security.web.context.request.async.WebAsyncManagerIntegrationFilter.doFilterInternal(WebAsyncManagerIntegrationFilter.java:62)
	at org.springframework.web.filter.OncePerRequestFilter.doFilter(OncePerRequestFilter.java:116)
	at org.springframework.security.web.ObservationFilterChainDecorator$ObservationFilter.wrapFilter(ObservationFilterChainDecorator.java:240)
	at org.springframework.security.web.ObservationFilterChainDecorator$ObservationFilter.doFilter(ObservationFilterChainDecorator.java:227)
	at org.springframework.security.web.ObservationFilterChainDecorator$VirtualFilterChain.doFilter(ObservationFilterChainDecorator.java:137)
	at org.springframework.security.web.session.DisableEncodeUrlFilter.doFilterInternal(DisableEncodeUrlFilter.java:42)
	at org.springframework.web.filter.OncePerRequestFilter.doFilter(OncePerRequestFilter.java:116)
	at org.springframework.security.web.ObservationFilterChainDecorator$ObservationFilter.wrapFilter(ObservationFilterChainDecorator.java:240)
	at org.springframework.security.web.ObservationFilterChainDecorator$AroundFilterObservation$SimpleAroundFilterObservation.lambda$wrap$0(ObservationFilterChainDecorator.java:323)
	at org.springframework.security.web.ObservationFilterChainDecorator$ObservationFilter.doFilter(ObservationFilterChainDecorator.java:224)
	at org.springframework.security.web.ObservationFilterChainDecorator$VirtualFilterChain.doFilter(ObservationFilterChainDecorator.java:137)
	at org.springframework.security.web.FilterChainProxy.doFilterInternal(FilterChainProxy.java:233)
	at org.springframework.security.web.FilterChainProxy.doFilter(FilterChainProxy.java:191)
	at org.springframework.web.filter.CompositeFilter$VirtualFilterChain.doFilter(CompositeFilter.java:113)
	at org.springframework.web.servlet.handler.HandlerMappingIntrospector.lambda$createCacheFilter$3(HandlerMappingIntrospector.java:195)
	at org.springframework.web.filter.CompositeFilter$VirtualFilterChain.doFilter(CompositeFilter.java:113)
	at org.springframework.web.filter.CompositeFilter.doFilter(CompositeFilter.java:74)
	at org.springframework.security.config.annotation.web.configuration.WebMvcSecurityConfiguration$CompositeFilterChainProxy.doFilter(WebMvcSecurityConfiguration.java:230)
	at org.springframework.web.filter.DelegatingFilterProxy.invokeDelegate(DelegatingFilterProxy.java:352)
	at org.springframework.web.filter.DelegatingFilterProxy.doFilter(DelegatingFilterProxy.java:268)
	at org.apache.catalina.core.ApplicationFilterChain.internalDoFilter(ApplicationFilterChain.java:174)
	at org.apache.catalina.core.ApplicationFilterChain.doFilter(ApplicationFilterChain.java:149)
	at org.springframework.web.filter.RequestContextFilter.doFilterInternal(RequestContextFilter.java:100)
	at org.springframework.web.filter.OncePerRequestFilter.doFilter(OncePerRequestFilter.java:116)
	at org.apache.catalina.core.ApplicationFilterChain.internalDoFilter(ApplicationFilterChain.java:174)
	at org.apache.catalina.core.ApplicationFilterChain.doFilter(ApplicationFilterChain.java:149)
	at org.springframework.web.filter.FormContentFilter.doFilterInternal(FormContentFilter.java:93)
	at org.springframework.web.filter.OncePerRequestFilter.doFilter(OncePerRequestFilter.java:116)
	at org.apache.catalina.core.ApplicationFilterChain.internalDoFilter(ApplicationFilterChain.java:174)
	at org.apache.catalina.core.ApplicationFilterChain.doFilter(ApplicationFilterChain.java:149)
	at org.springframework.web.filter.ServerHttpObservationFilter.doFilterInternal(ServerHttpObservationFilter.java:109)
	at org.springframework.web.filter.OncePerRequestFilter.doFilter(OncePerRequestFilter.java:116)
	at org.apache.catalina.core.ApplicationFilterChain.internalDoFilter(ApplicationFilterChain.java:174)
	at org.apache.catalina.core.ApplicationFilterChain.doFilter(ApplicationFilterChain.java:149)
	at org.springframework.web.filter.CharacterEncodingFilter.doFilterInternal(CharacterEncodingFilter.java:201)
	at org.springframework.web.filter.OncePerRequestFilter.doFilter(OncePerRequestFilter.java:116)
	at org.apache.catalina.core.ApplicationFilterChain.internalDoFilter(ApplicationFilterChain.java:174)
	at org.apache.catalina.core.ApplicationFilterChain.doFilter(ApplicationFilterChain.java:149)
	at org.apache.catalina.core.StandardWrapperValve.invoke(StandardWrapperValve.java:167)
	at org.apache.catalina.core.StandardContextValve.invoke(StandardContextValve.java:90)
	at org.apache.catalina.authenticator.AuthenticatorBase.invoke(AuthenticatorBase.java:482)
	at org.apache.catalina.core.StandardHostValve.invoke(StandardHostValve.java:115)
	at org.apache.catalina.valves.ErrorReportValve.invoke(ErrorReportValve.java:93)
	at org.apache.catalina.core.StandardEngineValve.invoke(StandardEngineValve.java:74)
	at org.apache.catalina.connector.CoyoteAdapter.service(CoyoteAdapter.java:344)
	at org.apache.coyote.http11.Http11Processor.service(Http11Processor.java:391)
	at org.apache.coyote.AbstractProcessorLight.process(AbstractProcessorLight.java:63)
	at org.apache.coyote.AbstractProtocol$ConnectionHandler.process(AbstractProtocol.java:896)
	at org.apache.tomcat.util.net.NioEndpoint$SocketProcessor.doRun(NioEndpoint.java:1744)
	at org.apache.tomcat.util.net.SocketProcessorBase.run(SocketProcessorBase.java:52)
	at org.apache.tomcat.util.threads.ThreadPoolExecutor.runWorker(ThreadPoolExecutor.java:1191)
	at org.apache.tomcat.util.threads.ThreadPoolExecutor$Worker.run(ThreadPoolExecutor.java:659)
	at org.apache.tomcat.util.threads.TaskThread$WrappingRunnable.run(TaskThread.java:63)
	at java.base/java.lang.Thread.run(Thread.java:1570)
2025-01-16 09:33:04 [SpringApplicationShutdownHook] INFO  o.s.o.j.LocalContainerEntityManagerFactoryBean - Closing JPA EntityManagerFactory for persistence unit 'default'
2025-01-16 09:33:04 [SpringApplicationShutdownHook] INFO  com.zaxxer.hikari.HikariDataSource - HikariPool-1 - Shutdown initiated...
2025-01-16 09:33:04 [SpringApplicationShutdownHook] INFO  com.zaxxer.hikari.HikariDataSource - HikariPool-1 - Shutdown completed.
2025-01-16 09:33:06 [main] INFO  c.n.e.EmployeeCvApplication - Starting EmployeeCvApplication using Java 22.0.1 with PID 12264 (C:\Users\MOI\SOPEHAK\web\employee_cv\target\classes started by MOI in C:\Users\MOI\SOPEHAK\web\employee_cv)
2025-01-16 09:33:06 [main] INFO  c.n.e.EmployeeCvApplication - No active profile set, falling back to 1 default profile: "dev"
2025-01-16 09:33:06 [main] INFO  o.s.d.r.c.RepositoryConfigurationDelegate - Bootstrapping Spring Data JPA repositories in DEFAULT mode.
2025-01-16 09:33:07 [main] INFO  o.s.d.r.c.RepositoryConfigurationDelegate - Finished Spring Data repository scanning in 67 ms. Found 32 JPA repository interfaces.
2025-01-16 09:33:07 [main] INFO  o.s.b.w.e.tomcat.TomcatWebServer - Tomcat initialized with port 8080 (http)
2025-01-16 09:33:07 [main] INFO  o.a.coyote.http11.Http11NioProtocol - Initializing ProtocolHandler ["http-nio-8080"]
2025-01-16 09:33:07 [main] INFO  o.a.catalina.core.StandardService - Starting service [Tomcat]
2025-01-16 09:33:07 [main] INFO  o.a.catalina.core.StandardEngine - Starting Servlet engine: [Apache Tomcat/10.1.19]
2025-01-16 09:33:07 [main] INFO  o.a.c.c.C.[Tomcat].[localhost].[/] - Initializing Spring embedded WebApplicationContext
2025-01-16 09:33:07 [main] INFO  o.s.b.w.s.c.ServletWebServerApplicationContext - Root WebApplicationContext: initialization completed in 1073 ms
2025-01-16 09:33:07 [main] INFO  o.h.jpa.internal.util.LogHelper - HHH000204: Processing PersistenceUnitInfo [name: default]
2025-01-16 09:33:07 [main] INFO  org.hibernate.Version - HHH000412: Hibernate ORM core version 6.4.4.Final
2025-01-16 09:33:07 [main] INFO  o.h.c.i.RegionFactoryInitiator - HHH000026: Second-level cache disabled
2025-01-16 09:33:07 [main] INFO  o.s.o.j.p.SpringPersistenceUnitInfo - No LoadTimeWeaver setup: ignoring JPA class transformer
2025-01-16 09:33:07 [main] INFO  com.zaxxer.hikari.HikariDataSource - HikariPool-1 - Starting...
2025-01-16 09:33:07 [main] INFO  com.zaxxer.hikari.pool.HikariPool - HikariPool-1 - Added connection org.postgresql.jdbc.PgConnection@45451333
2025-01-16 09:33:07 [main] INFO  com.zaxxer.hikari.HikariDataSource - HikariPool-1 - Start completed.
2025-01-16 09:33:08 [main] INFO  o.h.e.t.j.p.i.JtaPlatformInitiator - HHH000489: No JTA platform available (set 'hibernate.transaction.jta.platform' to enable JTA platform integration)
2025-01-16 09:33:08 [main] INFO  o.hibernate.orm.connections.access - HHH10001501: Connection obtained from JdbcConnectionAccess [org.hibernate.engine.jdbc.env.internal.JdbcEnvironmentInitiator$ConnectionProviderJdbcConnectionAccess@7d96618] for (non-JTA) DDL execution was not in auto-commit mode; the Connection 'local transaction' will be committed and the Connection will be set into auto-commit mode.
2025-01-16 09:33:08 [main] INFO  o.s.o.j.LocalContainerEntityManagerFactoryBean - Initialized JPA EntityManagerFactory for persistence unit 'default'
2025-01-16 09:33:09 [main] INFO  o.s.d.j.r.query.QueryEnhancerFactory - Hibernate is in classpath; If applicable, HQL parser will be used.
2025-01-16 09:33:10 [main] WARN  o.s.b.a.o.j.JpaBaseConfiguration$JpaWebConfiguration - spring.jpa.open-in-view is enabled by default. Therefore, database queries may be performed during view rendering. Explicitly configure spring.jpa.open-in-view to disable this warning
2025-01-16 09:33:10 [main] INFO  o.s.b.a.e.web.EndpointLinksResolver - Exposing 1 endpoint(s) beneath base path '/actuator'
2025-01-16 09:33:10 [main] INFO  o.s.s.web.DefaultSecurityFilterChain - Will secure any request with [org.springframework.security.web.session.DisableEncodeUrlFilter@d916e87, org.springframework.security.web.context.request.async.WebAsyncManagerIntegrationFilter@2dc572fd, org.springframework.security.web.context.SecurityContextHolderFilter@ec5b274, org.springframework.security.web.header.HeaderWriterFilter@7294b05e, org.springframework.web.filter.CorsFilter@3ea833e5, org.springframework.security.web.authentication.logout.LogoutFilter@45cb821d, com.noc.employee_cv.security.JwtFilter@11964f61, org.springframework.security.web.savedrequest.RequestCacheAwareFilter@5d6877cb, org.springframework.security.web.servletapi.SecurityContextHolderAwareRequestFilter@53e43e3a, org.springframework.security.web.authentication.AnonymousAuthenticationFilter@118cad8d, org.springframework.security.web.session.SessionManagementFilter@1ba0cbc8, org.springframework.security.web.access.ExceptionTranslationFilter@506e1d0f, org.springframework.security.web.access.intercept.AuthorizationFilter@491301a2]
2025-01-16 09:33:11 [main] INFO  o.a.coyote.http11.Http11NioProtocol - Starting ProtocolHandler ["http-nio-8080"]
2025-01-16 09:33:11 [main] INFO  o.s.b.w.e.tomcat.TomcatWebServer - Tomcat started on port 8080 (http) with context path ''
2025-01-16 09:33:11 [main] INFO  c.n.e.EmployeeCvApplication - Started EmployeeCvApplication in 4.961 seconds (process running for 5.259)
2025-01-16 09:33:11 [RMI TCP Connection(1)-172.18.70.200] INFO  o.a.c.c.C.[Tomcat].[localhost].[/] - Initializing Spring DispatcherServlet 'dispatcherServlet'
2025-01-16 09:33:11 [RMI TCP Connection(1)-172.18.70.200] INFO  o.s.web.servlet.DispatcherServlet - Initializing Servlet 'dispatcherServlet'
2025-01-16 09:33:11 [RMI TCP Connection(1)-172.18.70.200] INFO  o.s.web.servlet.DispatcherServlet - Completed initialization in 1 ms
2025-01-16 09:34:29 [SpringApplicationShutdownHook] INFO  o.s.o.j.LocalContainerEntityManagerFactoryBean - Closing JPA EntityManagerFactory for persistence unit 'default'
2025-01-16 09:34:29 [SpringApplicationShutdownHook] INFO  com.zaxxer.hikari.HikariDataSource - HikariPool-1 - Shutdown initiated...
2025-01-16 09:34:29 [SpringApplicationShutdownHook] INFO  com.zaxxer.hikari.HikariDataSource - HikariPool-1 - Shutdown completed.
